room1
	- capacity: 3
	- people: 
		student1
	- doors: 
	- items: 
	- poisonEffects: 
		poison1
	- stunEffects: 
	- lastCleaning: null
student1
	- location: room1
	- stunned: true
	- inventory: 
		rug
	- killImmunities: 
	- poisonImmunities: 
	- souls: 3
room1
	- capacity: 3
	- people: 
		student1
	- doors: 
	- items: 
	- poisonEffects: 
		poison1
	- stunEffects: 
	- lastCleaning: null
student1
	- location: room1
	- stunned: true
	- inventory: 
		rug
	- killImmunities: 
	- poisonImmunities: 
	- souls: 3
room1
	- capacity: 3
	- people: 
		student1
		professor1
	- doors: 
	- items: 
	- poisonEffects: 
		poison1
	- stunEffects: 
	- lastCleaning: null
student1
	- location: room1
	- stunned: true
	- inventory: 
		rug
	- killImmunities: 
	- poisonImmunities: 
	- souls: 2
