room1
	- capacity: 3
	- people: 
		student1
		professor1
	- doors: 
		door1
	- items: 
	- poisonEffects: 
	- stunEffects: 
	- lastCleaning: null
student1
	- location: room1
	- stunned: false
	- inventory: 
		glass
	- killImmunities: 
		KillImmunity
	- poisonImmunities: 
	- souls: 3
room1
	- capacity: 3
	- people: 
		student1
		professor1
	- doors: 
		door1
	- items: 
	- poisonEffects: 
	- stunEffects: 
	- lastCleaning: null
student1
	- location: room1
	- stunned: false
	- inventory: 
		glass
	- killImmunities: 
	- poisonImmunities: 
	- souls: 3
