room1
	- capacity: 3
	- people: 
		student1
	- doors: 
	- items: 
		ffp2
	- poisonEffects: 
	- stunEffects: 
	- lastCleaning: null
student1
	- location: room1
	- stunned: false
	- inventory: 
	- killImmunities: 
	- poisonImmunities: 
	- souls: 3
student1
	- location: room1
	- stunned: false
	- inventory: 
		ffp2
	- killImmunities: 
	- poisonImmunities: 
		poisonImmunity1
	- souls: 3
room1
	- capacity: 3
	- people: 
		student1
	- doors: 
	- items: 
	- poisonEffects: 
	- stunEffects: 
	- lastCleaning: null
student1
	- location: room1
	- stunned: false
	- inventory: 
		ffp2
	- killImmunities: 
	- poisonImmunities: 
		poisonImmunity1
	- souls: 3
