room1
	- capacity: 3
	- people: 
		student1
		professor1
		cleaner1
	- doors: 
		door1
	- items: 
	- poisonEffects: 
	- stunEffects: 
	- lastCleaning: null
room2
	- capacity: 3
	- people: 
		student2
	- doors: 
		door1
	- items: 
	- poisonEffects: 
	- stunEffects: 
	- lastCleaning: null
room1
	- capacity: 3
	- people: 
		student1
		professor1
		cleaner1
	- doors: 
		door1
	- items: 
	- poisonEffects: 
	- stunEffects: 
	- lastCleaning: null
room2
	- capacity: 3
	- people: 
		student2
	- doors: 
		door1
	- items: 
	- poisonEffects: 
	- stunEffects: 
	- lastCleaning: null
