room1
	- capacity: 3
	- people: 
		student1
	- doors: 
	- items: 
		slide
	- poisonEffects: 
	- stunEffects: 
	- lastCleaning: 
		StickinessEffect
student1
	- location: room1
	- stunned: false
	- inventory: 
	- killImmunities: 
	- poisonImmunities: 
	- souls: 3
JATEK VEGE, hallgatok nyertek.
