ffp2
	- immunityLength: 10
	- effect: 
		PoisonImmunity
room2
	- capacity: 3
	- people: 
		student1
	- doors: 
		door1
	- items: 
	- poisonEffects: 
		poisonEffects
	- stunEffects: 
	- lastCleaning: null
student1
	- location: room2
	- stunned: false
	- inventory: 
		ffp2
	- killImmunities: 
	- poisonImmunities: 
		PoisonImmunity
	- souls: 3
ffp2
	- immunityLength: 8
	- effect: 
		PoisonImmunity
student1
	- location: room1
	- stunned: false
	- inventory: 
		ffp2
	- killImmunities: 
	- poisonImmunities: 
		PoisonImmunity
	- souls: 3
student1
	- location: room2
	- stunned: true
	- inventory: 
	- killImmunities: 
	- poisonImmunities: 
	- souls: 3
