room1
	- capacity: 3
	- people: 
		student1
	- doors: 
	- items: 
		ffp2
	- poisonEffects: 
	- stunEffects: 
	- lastCleaning: null
student1
	- location: room1
	- stunned: false
	- inventory: 
		camembert
		transistor
	- killImmunities: 
	- poisonImmunities: 
	- souls: 3
room1
	- capacity: 3
	- people: 
		student1
	- doors: 
	- items: 
		ffp2
		camembert
	- poisonEffects: 
	- stunEffects: 
	- lastCleaning: null
student1
	- location: room1
	- stunned: false
	- inventory: 
		transistor
	- killImmunities: 
	- poisonImmunities: 
	- souls: 3
room2
	- capacity: 3
	- people: 
		student1
	- doors: 
	- items: 
		transistor2
	- poisonEffects: 
		poison1
	- stunEffects: 
	- lastCleaning: null
student1
	- location: room1
	- stunned: true
	- inventory: 
		transistor
	- killImmunities: 
	- poisonImmunities: 
	- souls: 3
